../Drivers/CMSIS/Include/core_cm3.h:1876:26:ITM_SendChar	16	static,ignoring_inline_asm
../Core/Src/main.c:75:6:control_rotation	16	static
../Core/Src/main.c:103:6:HAL_ADC_ConvCpltCallback	16	static
../Core/Src/main.c:133:5:main	192	static
../Core/Src/main.c:261:6:SystemClock_Config	88	static
../Core/Src/main.c:305:13:MX_ADC1_Init	24	static
../Core/Src/main.c:388:13:MX_I2C1_Init	8	static
../Core/Src/main.c:422:13:MX_TIM2_Init	32	static
../Core/Src/main.c:467:13:MX_TIM3_Init	48	static
../Core/Src/main.c:528:13:MX_USART1_UART_Init	8	static
../Core/Src/main.c:559:13:MX_DMA_Init	16	static
../Core/Src/main.c:577:13:MX_GPIO_Init	40	static
../Core/Src/main.c:603:5:_write	32	static
../Core/Src/main.c:616:6:HAL_TIM_PeriodElapsedCallback	24	static
../Core/Src/main.c:646:6:HAL_UARTEx_RxEventCallback	280	static
../Core/Src/main.c:685:6:Error_Handler	4	static,ignoring_inline_asm
