../Drivers/CMSIS/Include/core_cm3.h:1876:26:ITM_SendChar	16	static,ignoring_inline_asm
../Core/Src/main.c:70:6:control_rotation	16	static
../Core/Src/main.c:108:5:main	64	static
../Core/Src/main.c:251:6:SystemClock_Config	88	static
../Core/Src/main.c:295:13:MX_ADC1_Init	24	static
../Core/Src/main.c:342:13:MX_I2C1_Init	8	static
../Core/Src/main.c:376:13:MX_TIM2_Init	32	static
../Core/Src/main.c:421:13:MX_TIM3_Init	48	static
../Core/Src/main.c:482:13:MX_USART1_UART_Init	8	static
../Core/Src/main.c:515:13:MX_GPIO_Init	40	static
../Core/Src/main.c:541:5:_write	32	static
../Core/Src/main.c:554:6:HAL_TIM_PeriodElapsedCallback	24	static
../Core/Src/main.c:568:6:HAL_UARTEx_RxEventCallback	16	static
../Core/Src/main.c:586:6:Error_Handler	4	static,ignoring_inline_asm
